Mounika@DESKTOP-S5UK35A MINGW64 ~
$ cd desktop

Mounika@DESKTOP-S5UK35A MINGW64 ~/desktop
cd sample
Mounika@DESKTOP-S5UK35A MINGW64 ~/desktop/sample (main)
$ echo "hi" >>file1.txt

Mounika@DESKTOP-S5UK35A MINGW64 ~/desktop/sample (main)
$ ls
file.txt

Mounika@DESKTOP-S5UK35A MINGW64 ~/desktop/sample(main)
$ touch sri

Mounika@DESKTOP-S5UK35A  MINGW64 ~/desktop/sample (main)
$ ls -la
total 13
drwxr-xr-x 1 mounika197609 0 Jan 21 10:43 ./
drwxr-xr-x 1 mounika197609 0 Jan 21 10:38 ../
-rw-r--r-- 1 mounika197609 3 Jan 21 10:42 file.txt
-rw-r--r-- 1 mounika 197609 0 Jan 21 10:43 sri

Mounika@DESKTOP-S5UK35A MINGW64 ~/desktop/sample (main)
$ git init
Initialized empty Git repository in C:/Users/mounika/downloads

Mounika@DESKTOP-S5UK35A MINGW64 ~/desktop/sample (master)
$ git status
On branch master

No commits yet

Untracked files:
  (use "git add <file>..." to include in what will be committed)
        READ.md
        sri

nothing added to commit but untracked files present (use "git add" to track)

Mounika@DESKTOP-S5UK35A MINGW64 ~/desktop/sample (master)
$ git add READ.md
warning: LF will be replaced by CRLF in READ.md.
The file will have its original line endings in your working directory

Mounika@DESKTOP-S5UK35A MINGW64 ~/desktop/sample (master)
$ git status
On branch master

No commits yet

Changes to be committed:
  (use "git rm --cached <file>..." to unstage)
        new file:   READ.md

Untracked files:
  (use "git add <file>..." to include in what will be committed)
        sri


Mounika@DESKTOP-S5UK35A MINGW64 ~/desktop/sample  (master)
$ git add file2

Mounika@DESKTOP-S5UK35A MINGW64 ~/desktop/sample  (master)
$ git status
On branch master

No commits yet

Changes to be committed:
  (use "git rm --cached <file>..." to unstage)
        new file:   READ.md
        new file:   sri


Mounika@DESKTOP-S5UK35A MINGW64 ~/desktop/sample  (master)
$ echo "hello all">>sri

Mounika@DESKTOP-S5UK35A MINGW64 ~/desktop/sample  (master)
$ git status
On branch master

No commits yet

Changes to be committed:
  (use "git rm --cached <file>..." to unstage)
        new file:   READ.md
        new file:   sri

Changes not staged for commit:
  (use "git add <file>..." to update what will be committed)
  (use "git restore <file>..." to discard changes in working directory)
        modified:   sri


Mounika@DESKTOP-S5UK35A MINGW64 ~/desktop/sample  (master)
$ git add sri
warning: LF will be replaced by CRLF in sri.
The file will have its original line endings in your working directory

Mounika@DESKTOP-S5UK35A MINGW64 ~/desktop/sample (master)
$ git status
On branch master

No commits yet

Changes to be committed:
  (use "git rm --cached <file>..." to unstage)
        new file:   READ.md
        new file:   sri

Mounika@DESKTOP-S5UK35A MINGW64 ~/desktop/sample  (master)
$ man git-log
bash: man: command not found

Mounika@DESKTOP-S5UK35A MINGW64 ~/desktop/sample (master)
$ git log
fatal: your current branch 'master' does not have any commits yet

Mounika@DESKTOP-S5UK35A MINGW64 ~/desktop/sample  (master)
$ git commit -m "sri"
[master (root-commit) f5cefbb] sri
 2 files changed, 2 insertions(+)
 create mode 100644 READ.md
 create mode 100644 sri
Mounika@DESKTOP-S5UK35A MINGW64 ~/desktop/sample (master)
$ git log
commit f5cefbb0b360098112c3e448dfcc2b311a2bf652 (HEAD -> master)
Author: basanisrilatha <basanisrilatha921@gmail.com>
Date:   Fri Jan 21 10:52:28 2022 +0530

    sri
Mounika@DESKTOP-S5UK35A MINGW64 ~/desktop/sample  (master)
$ git log -p
commit f5cefbb0b360098112c3e448dfcc2b311a2bf652 (HEAD -> master)
Author: basanisrilatha <basanisrilatha921@gmail.com>
Date:   Fri Jan 21 10:52:28 2022 +0530

    sri

diff --git a/READ.md b/READ.md
new file mode 100644
index 0000000..45b983b
--- /dev/null
+++ b/READ.md
@@ -0,0 +1 @@
+hi
diff --git a/sri b/sri
new file mode 100644
index 0000000..21e6dd3
--- /dev/null
+++ b/sri
@@ -0,0 +1 @@
+hello all

Mounika@DESKTOP-S5UK35A MINGW64 ~/desktop/sample  (master)
$ git log --stat --summary
commit f5cefbb0b360098112c3e448dfcc2b311a2bf652 (HEAD -> master)
Author: basanisrilatha <basanisrilatha921@gmail.com>
Date:   Fri Jan 21 10:52:28 2022 +0530

    sri

 READ.md | 1 +
 sri     | 1 +
 2 files changed, 2 insertions(+)
 create mode 100644 READ.md
 create mode 100644 sri
Mounika@DESKTOP-S5UK35A MINGW64 ~/desktop/sample  (master)
$ git status
On branch master
nothing to commit, working tree clean
Mounika@DESKTOP-S5UK35A MINGW64 ~/desktop/sample (master)
$ git remote add origin http://github.com/basanisrilatha/myproject.git
Mounika@DESKTOP-S5UK35A MINGW64 ~/desktop/sample  (master)
$ git push  -u origin master
warning: redirecting to https://github.com/basanisrilatha/myproject.git/
Enumerating objects: 4, done.
Counting objects: 100% (4/4), done.
Delta compression using up to 2 threads
Compressing objects: 100% (2/2), done.
Writing objects: 100% (4/4), 254 bytes | 28.00 KiB/s, done.
Total 4 (delta 0), reused 0 (delta 0), pack-reused 0
remote:
remote: Create a pull request for 'master' on GitHub by visiting:
remote:      https://github.com/basanisrilatha/myproject/pull/new/master
remote:
To http://github.com/basanisrilatha/myproject.git
 * [new branch]      master -> master
Branch 'master' set up to track remote branch 'master' from 'origin'.

Mounika@DESKTOP-S5UK35A MINGW64 ~/desktop/sample  (master)
$ git branch experimental
Mounika@DESKTOP-S5UK35A MINGW64 ~/desktop/sample  (master)
$ git branch
  experimental
* master
Mounika@DESKTOP-S5UK35A MINGW64 ~/desktop/sample (master)
$ git switch experiment
fatal: invalid reference: experiment

Mounika@DESKTOP-S5UK35A MINGW64 ~/desktop/sample (master)
$ git switch experimental
Switched to branch 'experimental'

Mounika@DESKTOP-S5UK35A MINGW64 ~/desktop/sample (experimental)
$ git commit -a
warning: LF will be replaced by CRLF in sri.
The file will have its original line endings in your working directory
Aborting commit due to empty commit message.

Mounika@DESKTOP-S5UK35A MINGW64 ~/desktop/sample  (experimental)
$ git switch master
Switched to branch 'master'
M       sri
Your branch is up to date with 'origin/master'.
Mounika@DESKTOP-S5UK35A MINGW64 ~/desktop/sample (master)
$ eho"vanakam">>sri
bash: ehovanakam: command not found

Mounika@DESKTOP-S5UK35A MINGW64 ~/desktop/sample (master)
$ eho "vanakam">>sri
bash: eho: command not found

Mounika@DESKTOP-S5UK35A MINGW64 ~/desktop/sample (master)
$ echo "vanakam">>sri

Mounika@DESKTOP-S5UK35A MINGW64 ~/desktop/sample (master)
$ git commit -a
warning: LF will be replaced by CRLF in sri.
The file will have its original line endings in your working directory
Aborting commit due to empty commit message.


Mounika@DESKTOP-S5UK35A MINGW64 ~/desktop/sample (master)
$ git merge experimental
Already up to date.

Mounika@DESKTOP-S5UK35A  MINGW64 ~/desktop/sample(master)
$ git diff
warning: LF will be replaced by CRLF in sri.
The file will have its original line endings in your working directory
diff --git a/sri b/sri
index 21e6dd3..689ba07 100644
--- a/sri
+++ b/sri
@@ -1 +1,3 @@
 hello all
+namaste
+vanakam

Mounika@DESKTOP-S5UK35A MINGW64 ~/desktop/sample (master)
$ git commit -a
warning: LF will be replaced by CRLF in sri.
The file will have its original line endings in your working directory
Aborting commit due to empty commit message.

Mounika@DESKTOP-S5UK35A MINGW64 ~/desktop/sample (master)
$ gitk

Mounika@DESKTOP-S5UK35A  MINGW64 ~/desktop/sample (master)
$ git branch -d experimental
Deleted branch experimental (was f5cefbb).
Mounika@DESKTOP-S5UK35A  MINGW64 ~/desktop/sample (master)
$
